exports[`Counter Test Suite Counter Component renders <CounterClicker /> component successfully in to the DOM with required props & state 1`] = `
<div>
  <h4>
    Synchronous Actions
  </h4>
  <button
    className="HaWdQ"
    onClick={[Function]}>
    INCREMENT
  </button>
  <button
    className="HaWdQ"
    onClick={[Function]}>
    DECREMENT
  </button>
  <h1>
    Counter Reducer State: 
    0
  </h1>
</div>
`;

exports[`Counter Test Suite Counter Epic SHOULD_INCREMENT executes/returns the expected actions successfully 1`] = `
Array [
  Object {
    "type": "SHOULD_INCREMENT",
  },
  Object {
    "type": "INCREMENT",
  },
]
`;
